{
  "run_id": "2026-07-23_paper_revision_household_adoption_blended_family_calibration_s20260719_seed20260719",
  "scenario_id": "paper_revision_household_adoption_blended_family_calibration_s20260719",
  "seed": 20260719,
  "run_dir": "C:\\Users\\Rudra\\Downloads\\Synthetic-Occupancy-Generator-data_pipeline-main\\Synthetic-Occupancy-Generator-data_pipeline-main\\paper_revision_bundle\\_provenance\\household_transfer\\runs\\2026-07-23_paper_revision_household_adoption_blended_family_calibration_s20260719_seed20260719",
  "truth_counts": {
    "truth_people": 8230,
    "truth_households": 3933,
    "truth_household_memberships": 10410,
    "truth_residence_history": 10410,
    "truth_events": 2180
  },
  "event_counts": {
    "ADOPTION": 2180
  },
  "observed_counts": {
    "datasets": {
      "A": 8166,
      "B": 8179
    },
    "entity_record_map_rows": 16345,
    "master_dataset_rows": 26755,
    "master_source_rows": 16345,
    "master_timeline_rows": 10410,
    "crosswalk_rows": 8179,
    "pairwise_crosswalk_rows": {
      "A__B": 8179
    }
  },
  "quality_status": "ok",
  "validation_valid": true,
  "paths": {
    "run_dir": "C:\\Users\\Rudra\\Downloads\\Synthetic-Occupancy-Generator-data_pipeline-main\\Synthetic-Occupancy-Generator-data_pipeline-main\\paper_revision_bundle\\_provenance\\household_transfer\\runs\\2026-07-23_paper_revision_household_adoption_blended_family_calibration_s20260719_seed20260719",
    "datasets": {
      "A": "C:\\Users\\Rudra\\Downloads\\Synthetic-Occupancy-Generator-data_pipeline-main\\Synthetic-Occupancy-Generator-data_pipeline-main\\paper_revision_bundle\\_provenance\\household_transfer\\runs\\2026-07-23_paper_revision_household_adoption_blended_family_calibration_s20260719_seed20260719\\DatasetA.csv",
      "B": "C:\\Users\\Rudra\\Downloads\\Synthetic-Occupancy-Generator-data_pipeline-main\\Synthetic-Occupancy-Generator-data_pipeline-main\\paper_revision_bundle\\_provenance\\household_transfer\\runs\\2026-07-23_paper_revision_household_adoption_blended_family_calibration_s20260719_seed20260719\\DatasetB.csv"
    },
    "entity_record_map": "C:\\Users\\Rudra\\Downloads\\Synthetic-Occupancy-Generator-data_pipeline-main\\Synthetic-Occupancy-Generator-data_pipeline-main\\paper_revision_bundle\\_provenance\\household_transfer\\runs\\2026-07-23_paper_revision_household_adoption_blended_family_calibration_s20260719_seed20260719\\entity_record_map.csv",
    "master_dataset": "C:\\Users\\Rudra\\Downloads\\Synthetic-Occupancy-Generator-data_pipeline-main\\Synthetic-Occupancy-Generator-data_pipeline-main\\paper_revision_bundle\\_provenance\\household_transfer\\runs\\2026-07-23_paper_revision_household_adoption_blended_family_calibration_s20260719_seed20260719\\masterDataset.csv",
    "truth_crosswalk": "C:\\Users\\Rudra\\Downloads\\Synthetic-Occupancy-Generator-data_pipeline-main\\Synthetic-Occupancy-Generator-data_pipeline-main\\paper_revision_bundle\\_provenance\\household_transfer\\runs\\2026-07-23_paper_revision_household_adoption_blended_family_calibration_s20260719_seed20260719\\truth_crosswalk.csv",
    "pairwise_crosswalks": {},
    "quality_report": "C:\\Users\\Rudra\\Downloads\\Synthetic-Occupancy-Generator-data_pipeline-main\\Synthetic-Occupancy-Generator-data_pipeline-main\\paper_revision_bundle\\_provenance\\household_transfer\\runs\\2026-07-23_paper_revision_household_adoption_blended_family_calibration_s20260719_seed20260719\\quality_report.json",
    "manifest": "C:\\Users\\Rudra\\Downloads\\Synthetic-Occupancy-Generator-data_pipeline-main\\Synthetic-Occupancy-Generator-data_pipeline-main\\paper_revision_bundle\\_provenance\\household_transfer\\runs\\2026-07-23_paper_revision_household_adoption_blended_family_calibration_s20260719_seed20260719\\manifest.json"
  }
}

--- STDERR ---
