{
  "run_id": "2026-07-23_paper_revision_household_couple_merge_calibration_s20260719_seed20260719",
  "scenario_id": "paper_revision_household_couple_merge_calibration_s20260719",
  "seed": 20260719,
  "run_dir": "C:\\Users\\Rudra\\Downloads\\Synthetic-Occupancy-Generator-data_pipeline-main\\Synthetic-Occupancy-Generator-data_pipeline-main\\paper_revision_bundle\\_provenance\\household_transfer\\runs\\2026-07-23_paper_revision_household_couple_merge_calibration_s20260719_seed20260719",
  "truth_counts": {
    "truth_people": 6050,
    "truth_households": 4896,
    "truth_household_memberships": 8772,
    "truth_residence_history": 14188,
    "truth_events": 4711
  },
  "event_counts": {
    "MOVE": 3350,
    "COHABIT": 1361
  },
  "observed_counts": {
    "datasets": {
      "A": 5499,
      "B": 11011
    },
    "entity_record_map_rows": 16510,
    "master_dataset_rows": 27442,
    "master_source_rows": 13254,
    "master_timeline_rows": 14188,
    "crosswalk_rows": 11011,
    "pairwise_crosswalk_rows": {
      "A__B": 11011
    }
  },
  "quality_status": "ok",
  "validation_valid": true,
  "paths": {
    "run_dir": "C:\\Users\\Rudra\\Downloads\\Synthetic-Occupancy-Generator-data_pipeline-main\\Synthetic-Occupancy-Generator-data_pipeline-main\\paper_revision_bundle\\_provenance\\household_transfer\\runs\\2026-07-23_paper_revision_household_couple_merge_calibration_s20260719_seed20260719",
    "datasets": {
      "A": "C:\\Users\\Rudra\\Downloads\\Synthetic-Occupancy-Generator-data_pipeline-main\\Synthetic-Occupancy-Generator-data_pipeline-main\\paper_revision_bundle\\_provenance\\household_transfer\\runs\\2026-07-23_paper_revision_household_couple_merge_calibration_s20260719_seed20260719\\DatasetA.csv",
      "B": "C:\\Users\\Rudra\\Downloads\\Synthetic-Occupancy-Generator-data_pipeline-main\\Synthetic-Occupancy-Generator-data_pipeline-main\\paper_revision_bundle\\_provenance\\household_transfer\\runs\\2026-07-23_paper_revision_household_couple_merge_calibration_s20260719_seed20260719\\DatasetB.csv"
    },
    "entity_record_map": "C:\\Users\\Rudra\\Downloads\\Synthetic-Occupancy-Generator-data_pipeline-main\\Synthetic-Occupancy-Generator-data_pipeline-main\\paper_revision_bundle\\_provenance\\household_transfer\\runs\\2026-07-23_paper_revision_household_couple_merge_calibration_s20260719_seed20260719\\entity_record_map.csv",
    "master_dataset": "C:\\Users\\Rudra\\Downloads\\Synthetic-Occupancy-Generator-data_pipeline-main\\Synthetic-Occupancy-Generator-data_pipeline-main\\paper_revision_bundle\\_provenance\\household_transfer\\runs\\2026-07-23_paper_revision_household_couple_merge_calibration_s20260719_seed20260719\\masterDataset.csv",
    "truth_crosswalk": "C:\\Users\\Rudra\\Downloads\\Synthetic-Occupancy-Generator-data_pipeline-main\\Synthetic-Occupancy-Generator-data_pipeline-main\\paper_revision_bundle\\_provenance\\household_transfer\\runs\\2026-07-23_paper_revision_household_couple_merge_calibration_s20260719_seed20260719\\truth_crosswalk.csv",
    "pairwise_crosswalks": {},
    "quality_report": "C:\\Users\\Rudra\\Downloads\\Synthetic-Occupancy-Generator-data_pipeline-main\\Synthetic-Occupancy-Generator-data_pipeline-main\\paper_revision_bundle\\_provenance\\household_transfer\\runs\\2026-07-23_paper_revision_household_couple_merge_calibration_s20260719_seed20260719\\quality_report.json",
    "manifest": "C:\\Users\\Rudra\\Downloads\\Synthetic-Occupancy-Generator-data_pipeline-main\\Synthetic-Occupancy-Generator-data_pipeline-main\\paper_revision_bundle\\_provenance\\household_transfer\\runs\\2026-07-23_paper_revision_household_couple_merge_calibration_s20260719_seed20260719\\manifest.json"
  }
}

--- STDERR ---
